// Jest Snapshot v1, https://goo.gl/fbAQLP

exports[`matches snapshot 1`] = `
<DocumentFragment>
  <div>
    <form>
      <div>
        <label
          for="task"
        >
          Todo Task:
        </label>
        <input
          id="task"
          name="task"
          type="text"
          value=""
        />
        <button>
          Add Task
        </button>
      </div>
    </form>
  </div>
</DocumentFragment>
`;
