// Jest Snapshot v1, https://goo.gl/fbAQLP

exports[`matches the snapshot 1`] = `
<DocumentFragment>
  <div>
    <h1>
      To Do List!
    </h1>
    <div>
      <form>
        <div>
          <label
            for="task"
          >
            Todo Task:
          </label>
          <input
            id="task"
            name="task"
            type="text"
            value=""
          />
          <button>
            Add Task
          </button>
        </div>
      </form>
    </div>
  </div>
</DocumentFragment>
`;
